[10:48:24][gpu2] ▶ x_scnn_catsdogs_s1
[10:48:24][gpu1] ▶ x_scnn_catsdogs_s0
[10:48:24][gpu3] ▶ x_scnn_catsdogs_s2
[10:48:24][gpu5] ▶ x_scnn_flowers_s0
[10:48:24][gpu0] ▶ x_alex_catsdogs
[10:48:24][gpu4] ▶ x_alex_flowers
[10:48:24][gpu6] ▶ x_scnn_garbage_s0
[10:49:11][gpu6] ✓ x_scnn_garbage_s0  [x_scnn_garbage_s0] 完成 test_acc=0.6764 f1=0.6359 -> exp_x_scnn_garbage_s0.json
[10:49:11][gpu6] ▶ x_scnn_garbage_s1
[10:49:26][gpu5] ✓ x_scnn_flowers_s0  [x_scnn_flowers_s0] 完成 test_acc=0.7283 f1=0.7253 -> exp_x_scnn_flowers_s0.json
[10:49:26][gpu5] ▶ x_scnn_flowers_s1
[10:49:58][gpu6] ✓ x_scnn_garbage_s1  [x_scnn_garbage_s1] 完成 test_acc=0.6737 f1=0.6087 -> exp_x_scnn_garbage_s1.json
[10:49:58][gpu6] ▶ x_scnn_garbage_s2
[10:50:28][gpu5] ✓ x_scnn_flowers_s1  [x_scnn_flowers_s1] 完成 test_acc=0.7376 f1=0.7370 -> exp_x_scnn_flowers_s1.json
[10:50:28][gpu5] ▶ x_scnn_flowers_s2
[10:50:35][gpu4] ✓ x_alex_flowers  [x_alex_flowers] 完成 test_acc=0.8075 f1=0.8071 -> exp_x_alex_flowers.json
[10:50:35][gpu4] ▶ x_alex_garbage
[10:50:43][gpu6] ✓ x_scnn_garbage_s2  [x_scnn_garbage_s2] 完成 test_acc=0.7135 f1=0.6663 -> exp_x_scnn_garbage_s2.json
[10:51:31][gpu5] ✓ x_scnn_flowers_s2  [x_scnn_flowers_s2] 完成 test_acc=0.7127 f1=0.7086 -> exp_x_scnn_flowers_s2.json
[10:52:16][gpu4] ✓ x_alex_garbage  [x_alex_garbage] 完成 test_acc=0.8011 f1=0.7811 -> exp_x_alex_garbage.json
[10:53:22][gpu1] ✓ x_scnn_catsdogs_s0  [x_scnn_catsdogs_s0] 完成 test_acc=0.8679 f1=0.8679 -> exp_x_scnn_catsdogs_s0.json
[10:53:27][gpu3] ✓ x_scnn_catsdogs_s2  [x_scnn_catsdogs_s2] 完成 test_acc=0.8778 f1=0.8778 -> exp_x_scnn_catsdogs_s2.json
[10:53:29][gpu2] ✓ x_scnn_catsdogs_s1  [x_scnn_catsdogs_s1] 完成 test_acc=0.8751 f1=0.8751 -> exp_x_scnn_catsdogs_s1.json
[10:59:54][gpu0] ✓ x_alex_catsdogs  [x_alex_catsdogs] 完成 test_acc=0.9538 f1=0.9538 -> exp_x_alex_catsdogs.json
[10:59:54] ✅ 全部 12 个训练任务完成
