[10:45:49] ▶ x_alex_flowers
    [x_alex_flowers] model=alexnet img=224 aug=True lrn=True seed=0 epochs=40 device=cuda
    [x_alex_flowers] 数据集 flowers: 类别 ['daisy', 'dandelion', 'rose', 'sunflower', 'tulip'] train/val/test=3029/644/644 跳过损坏 0
    [x_alex_flowers] epoch  1 train_acc=0.4193 val_acc=0.5342 (4.2s)
    [x_alex_flowers] epoch  2 train_acc=0.5830 val_acc=0.5885 (3.6s)
    [x_alex_flowers] epoch  3 train_acc=0.6339 val_acc=0.5217 (3.6s)
    [x_alex_flowers] epoch  4 train_acc=0.6699 val_acc=0.5947 (3.6s)
    [x_alex_flowers] epoch  5 train_acc=0.6831 val_acc=0.6615 (3.5s)
    [x_alex_flowers] epoch  6 train_acc=0.7197 val_acc=0.6149 (3.8s)
    [x_alex_flowers] epoch  7 train_acc=0.7306 val_acc=0.6817 (3.6s)
    [x_alex_flowers] epoch  8 train_acc=0.7514 val_acc=0.6693 (3.4s)
    [x_alex_flowers] epoch  9 train_acc=0.7583 val_acc=0.7252 (3.8s)
    [x_alex_flowers] epoch 10 train_acc=0.7758 val_acc=0.6739 (3.7s)
    [x_alex_flowers] epoch 11 train_acc=0.7752 val_acc=0.6894 (3.7s)
    [x_alex_flowers] epoch 12 train_acc=0.7917 val_acc=0.6988 (3.4s)
    [x_alex_flowers] epoch 13 train_acc=0.8016 val_acc=0.7267 (3.5s)
    [x_alex_flowers] epoch 14 train_acc=0.8105 val_acc=0.7438 (3.4s)
    [x_alex_flowers] epoch 15 train_acc=0.8267 val_acc=0.7842 (3.7s)
    [x_alex_flowers] epoch 16 train_acc=0.8336 val_acc=0.6925 (3.5s)
    [x_alex_flowers] epoch 17 train_acc=0.8362 val_acc=0.7438 (3.8s)
    [x_alex_flowers] epoch 18 train_acc=0.8511 val_acc=0.8043 (3.4s)
    [x_alex_flowers] epoch 19 train_acc=0.8504 val_acc=0.7345 (3.5s)
    [x_alex_flowers] epoch 20 train_acc=0.8627 val_acc=0.7686 (3.7s)
    [x_alex_flowers] epoch 21 train_acc=0.8716 val_acc=0.7764 (3.7s)
    [x_alex_flowers] epoch 22 train_acc=0.8795 val_acc=0.7438 (3.7s)
    [x_alex_flowers] epoch 23 train_acc=0.8835 val_acc=0.7873 (3.8s)
    [x_alex_flowers] epoch 24 train_acc=0.8920 val_acc=0.7547 (3.5s)
    [x_alex_flowers] epoch 25 train_acc=0.9029 val_acc=0.7842 (3.5s)
    [x_alex_flowers] epoch 26 train_acc=0.9006 val_acc=0.7748 (3.5s)
